// Jest Snapshot v1, https://goo.gl/fbAQLP

exports[`renders a note list item 1`] = `
<View
  style={
    Object {
      "backgroundColor": "white",
      "borderRadius": 10,
      "flex": 1,
      "marginBottom": 6,
      "marginLeft": 8,
      "marginRight": 8,
      "marginTop": 6,
      "paddingBottom": 6,
      "paddingLeft": 10,
      "paddingRight": 10,
      "paddingTop": 6,
      "shadowColor": "#0E2451",
      "shadowOffset": Object {
        "height": 1,
        "width": 1,
      },
      "shadowOpacity": 0.2,
    }
  }
>
  <View
    style={
      Array [
        Object {
          "alignItems": "center",
          "flexDirection": "row",
          "justifyContent": "space-between",
        },
        undefined,
      ]
    }
  >
    <Text
      accessible={true}
      allowFontScaling={true}
      disabled={false}
      ellipsizeMode="tail"
      style={
        Array [
          Object {
            "fontSize": 10,
            "marginBottom": 4,
          },
          undefined,
        ]
      }
    >
      30 years ago
    </Text>
    <View
      accessibilityComponentType={undefined}
      accessibilityLabel={undefined}
      accessibilityTraits={undefined}
      accessible={true}
      collapsable={undefined}
      hitSlop={undefined}
      isTVSelectable={true}
      nativeID={undefined}
      onLayout={undefined}
      onResponderGrant={[Function]}
      onResponderMove={[Function]}
      onResponderRelease={[Function]}
      onResponderTerminate={[Function]}
      onResponderTerminationRequest={[Function]}
      onStartShouldSetResponder={[Function]}
      style={
        Object {
          "opacity": 1,
        }
      }
      testID={undefined}
      tvParallaxProperties={undefined}
    >
      <Text
        accessible={true}
        allowFontScaling={false}
        disabled={false}
        ellipsizeMode="tail"
        style={
          Array [
            Object {
              "color": "#CED1D6",
              "fontSize": 14,
            },
            undefined,
            Object {
              "fontFamily": "FontAwesome",
              "fontStyle": "normal",
              "fontWeight": "normal",
            },
          ]
        }
      >
        ÔÄç
      </Text>
    </View>
  </View>
  <Text
    accessible={true}
    allowFontScaling={true}
    disabled={false}
    ellipsizeMode="tail"
    style={
      Array [
        Object {
          "fontSize": 16,
          "marginBottom": 4,
        },
        undefined,
      ]
    }
  >
    This is my note content.
  </Text>
</View>
`;
