// Jest Snapshot v1, https://goo.gl/fbAQLP

exports[`renders a list of notes 1`] = `
<FlatList
  data={
    Array [
      Object {
        "key": 1,
        "text": "This is my note",
      },
    ]
  }
  disableVirtualization={false}
  horizontal={false}
  initialNumToRender={10}
  keyExtractor={[Function]}
  maxToRenderPerBatch={10}
  numColumns={1}
  onEndReachedThreshold={2}
  renderItem={[Function]}
  scrollEventThrottle={50}
  updateCellsBatchingPeriod={50}
  windowSize={21}
/>
`;
